{"p:wp-all-import-pro":{"a":[1777715727,1790418206],"d":[1790417464],"u":[]}}
{"p:insert-headers-and-footers":{"a":[1777731761],"d":[],"u":[]}}
{"p:simple-tags":{"a":[1777813542],"d":[1777814363],"u":[1777814370]}}
{"p:contact-form-7":{"a":[1777971429],"d":[],"u":[]}}
{"p:cf7-styler":{"a":[1777975679,1790418205],"d":[1790417464],"u":[]}}
{"p:all-in-one-wp-migration":{"a":[1780409569,1790418203],"d":[1780409537,1790417464],"u":[1780409546]}}
{"p:all-in-one-wp-migration-unlimited-extension":{"a":[1780409569,1790418204],"d":[1790417464],"u":[]}}
{"p:duplicator":{"a":[1780410163,1780410165],"d":[1780413105],"u":[1780413123]}}
{"p:simply-static-pro":{"a":[1780413050,1780413220,1780413413],"d":[1780413104,1780413222,1780413223,1780413223,1780413415,1780413416,1780413416],"u":[1780413501]}}
{"p:simply-static":{"a":[1780413059,1790418205],"d":[],"u":[]}}
{"t:twentytwentyfour":{"a":[],"d":[],"u":[1780494159]}}
{"t:twentytwentyfive":{"a":[],"d":[],"u":[1780494167]}}
{"t:twentytwentythree":{"a":[],"d":[],"u":[1780494175]}}
{"p:advanced-database-cleaner-pro":{"a":[1790418203],"d":[1790417464],"u":[]}}
{"p:allkeystore-updater":{"a":[1790418204],"d":[1790417464],"u":[]}}
{"p:better-search-replace-pro":{"a":[1790418204],"d":[1790417464],"u":[]}}
{"p:loco-translate":{"a":[1790418204],"d":[1790417464],"u":[]}}
{"p:modula-best-grid-gallery":{"a":[1790418205],"d":[1790417464],"u":[]}}
{"p:autodescription":{"a":[1790418205],"d":[1790417464],"u":[]}}
{"p:the-seo-framework-extension-manager":{"a":[1790418205],"d":[1790417464],"u":[]}}
{"p:waspthemes-yellow-pencil":{"a":[1790418206],"d":[1790417464],"u":[]}}
{"t:generatepress":{"a":[],"d":[1790418277],"u":[]}}
{"t:op-smart-theme3":{"a":[1790418278],"d":[],"u":[]}}
{"p:search-regex":{"a":[1790497522],"d":[],"u":[]}}
